// Jest Snapshot v1, https://goo.gl/fbAQLP

exports[`Snapshot TableHeader Ð² DarkMode Desktop 1`] = `
<table>
  <thead
    data-testid="table-clients__header"
  >
    <tr>
      <th
        class="td__left"
      >
        Full Name
      </th>
      <th>
        Gender
      </th>
      <th
        class="hide-on-small"
      >
        Email
      </th>
      <th>
        Country
      </th>
      <th>
        FlightsQnty
      </th>
    </tr>
  </thead>
</table>
`;
